---
source: crates/shuck-linter/src/rules/portability/mod.rs
---
X065 caret negation in bracket expressions is not portable to POSIX sh
 --> <source>:3:17
  |
3 | trimmed=${value#[^a]*}
  |

X065 caret negation in bracket expressions is not portable to POSIX sh
 --> <source>:4:30
  |
4 | pkgopts="${XBPS_CURRENT_PKG//[^A-Za-z0-9_]/_}"
  |

X065 caret negation in bracket expressions is not portable to POSIX sh
 --> <source>:5:6
  |
5 | echo [^a]*
  |

X065 caret negation in bracket expressions is not portable to POSIX sh
 --> <source>:7:3
  |
7 |   [^a]*) : ;;
  |

X065 caret negation in bracket expressions is not portable to POSIX sh
 --> <source>:9:9
  |
9 | [[ $x = [^a]* ]]
  |
