---
source: crates/shuck-linter/src/rules/portability/mod.rs
assertion_line: 175
---
X022 this builtin option is not portable in `sh` scripts
 --> <source>:2:6
  |
2 | read -p prompt name
  |

X022 this builtin option is not portable in `sh` scripts
 --> <source>:3:8
  |
3 | printf -v out '%s\n' foo
  |

X022 this builtin option is not portable in `sh` scripts
 --> <source>:4:8
  |
4 | export -fn greet
  |

X022 this builtin option is not portable in `sh` scripts
 --> <source>:5:6
  |
5 | trap -p EXIT
  |

X022 this builtin option is not portable in `sh` scripts
 --> <source>:6:6
  |
6 | wait -n
  |

X022 this builtin option is not portable in `sh` scripts
 --> <source>:7:8
  |
7 | ulimit -n
  |

X022 this builtin option is not portable in `sh` scripts
 --> <source>:8:6
  |
8 | type -P printf
  |
