---
source: crates/shuck-linter/src/rules/correctness/mod.rs
assertion_line: 231
---
C107 `$?` here reflects a later command, not the status you likely meant to keep
 --> <source>:6:6
  |
6 | if [ $? -ne 0 ]; then :; fi
  |

C107 `$?` here reflects a later command, not the status you likely meant to keep
  --> <source>:10:6
   |
10 | case $? in
   |

C107 `$?` here reflects a later command, not the status you likely meant to keep
  --> <source>:17:10
   |
17 |   return $?
   |

C107 `$?` here reflects a later command, not the status you likely meant to keep
  --> <source>:22:7
   |
22 | saved=$?
   |
