---
source: crates/shuck-linter/src/rules/correctness/mod.rs
assertion_line: 204
---
C115 this `||` fallback also runs when the `&&` assignment branch fails
 --> <source>:4:33
  |
4 | [ -z "$str" ] && domain=$domain || domain=$str
  |

C115 this `||` fallback also runs when the `&&` assignment branch fails
 --> <source>:7:36
  |
7 | [ -n "$HOME" ] && mode=interactive || mode=batch
  |
