---
source: crates/shuck-linter/src/rules/correctness/mod.rs
assertion_line: 274
---
C110 this comparison hides an assignment-looking value
 --> <source>:2:23
  |
2 | test "QT6=${QT6:-no}" = yes
  |

C110 this comparison hides an assignment-looking value
 --> <source>:3:7
  |
3 | [ yes = "QT6=${QT6:-no}" ]
  |

C110 this comparison hides an assignment-looking value
 --> <source>:4:21
  |
4 | [[ "QT6=${QT6:-no}" != yes ]]
  |

C110 this comparison hides an assignment-looking value
 --> <source>:5:8
  |
5 | [[ yes != "QT6=${QT6:-no}" ]]
  |
