---
source: crates/shuck-linter/src/rules/correctness/mod.rs
---
C006 variable `missing` is referenced before assignment
  --> <source>:12:7
   |
12 | echo "$missing"
   |

C006 variable `maybe` may be referenced before assignment
  --> <source>:17:7
   |
17 | echo "$maybe"
   |

C006 variable `local_only` is referenced before assignment
  --> <source>:21:18
   |
21 |   printf '%s\n' "$local_only"
   |
