---
source: crates/shuck-linter/src/rules/correctness/mod.rs
assertion_line: 288
---
C162 run this command separately so its exit status is visible
 --> <source>:4:21
  |
4 |   local -r result=$(get_value)
  |

C162 run this command separately so its exit status is visible
 --> <source>:5:23
  |
5 |   typeset -r strict=$(strict_value)
  |

C162 run this command separately so its exit status is visible
  --> <source>:10:23
   |
10 |   local -r combined=$(first)$(second)
   |

C162 run this command separately so its exit status is visible
  --> <source>:10:31
   |
10 |   local -r combined=$(first)$(second)
   |
