---
source: crates/shuck-linter/src/rules/correctness/mod.rs
---
C015 redirections on `sudo` still run in the current shell
 --> <source>:4:1
  |
4 | sudo echo hi > out.txt
  |

C015 redirections on `sudo` still run in the current shell
 --> <source>:7:1
  |
7 | sudo printf '%s\n' ok >> log.txt
  |
