---
source: crates/shuck-linter/src/rules/correctness/mod.rs
---
C096 bracket globs only match one character at a time; quote word-like ones
 --> <source>:4:4
  |
4 | foo[appname] arg
  |

C096 bracket globs only match one character at a time; quote word-like ones
 --> <source>:5:17
  |
5 | echo usage: cmd [start\|stop\|restart]
  |

C096 bracket globs only match one character at a time; quote word-like ones
 --> <source>:6:22
  |
6 | printf '%s\n' "$dir"/[appname]
  |

C096 bracket globs only match one character at a time; quote word-like ones
 --> <source>:7:6
  |
7 | ITEM=[0,-1,1,-10,-20]
  |

C096 bracket globs only match one character at a time; quote word-like ones
 --> <source>:8:32
  |
8 | cat <<EOF >/etc/systemd/system/[appname].service
  |
