---
source: crates/shuck-linter/src/rules/correctness/mod.rs
assertion_line: 74
---
C006 variable `missing` is referenced before assignment
  --> <source>:31:7
   |
31 | echo "$missing"
   |

C006 variable `maybe` may be referenced before assignment
  --> <source>:36:7
   |
36 | echo "$maybe"
   |

C006 variable `local_only` is referenced before assignment
  --> <source>:40:18
   |
40 |   printf '%s\n' "$local_only"
   |
