---
source: crates/shuck-linter/src/rules/correctness/mod.rs
---
C080 quote grep patterns so the shell does not expand them first
 --> <source>:2:6
  |
2 | grep start* out.txt
  |

C080 quote grep patterns so the shell does not expand them first
 --> <source>:3:9
  |
3 | grep -e item? out.txt
  |

C080 quote grep patterns so the shell does not expand them first
 --> <source>:4:15
  |
4 | grep --regexp item,[0-4] out.txt
  |

C080 quote grep patterns so the shell does not expand them first
 --> <source>:5:10
  |
5 | grep -Eq item,[0-4] out.txt
  |

C080 quote grep patterns so the shell does not expand them first
 --> <source>:6:10
  |
6 | grep -eo item* out.txt
  |

C080 quote grep patterns so the shell does not expand them first
 --> <source>:7:12
  |
7 | grep -F -- item,[0-4] out.txt
  |
